// Jest Snapshot v1, https://goo.gl/fbAQLP

exports[`it should not render anything without props 1`] = `<div />`;

exports[`it should render the component 1`] = `
<div>
  <div
    class="header-container"
  >
    <img
      alt="Event image"
      class="header-image"
      src="image33.png"
    />
  </div>
</div>
`;
